// Jest Snapshot v1, https://goo.gl/fbAQLP

exports[`UserImage component should render the image for the user 1`] = `
<UserImage>
  <glamorous(img)
    src="https://s3.amazonaws.com/uifaces/faces/twitter/antjanus/128.jpg"
  >
    <img
      className="css-5sn766"
      src="https://s3.amazonaws.com/uifaces/faces/twitter/antjanus/128.jpg"
    />
  </glamorous(img)>
</UserImage>
`;
