// Jest Snapshot v1, https://goo.gl/fbAQLP

exports[`PreWorkout component should match the snapshot 1`] = `
<ErrorBoundary>
  <Connect(ManageExerciseList) />
</ErrorBoundary>
`;
