// Jest Snapshot v1, https://goo.gl/fbAQLP

exports[`PreWorkout component should match the snapshot 1`] = `
<section>
  <Connect(_ManageExerciseList) />
</section>
`;
