// Jest Snapshot v1, https://goo.gl/fbAQLP

exports[`App renders without crashing 1`] = `
<section
  className="app-container"
>
  <Switch>
    <Route
      exact={true}
      path="/welcome"
    >
      <Connect(_Timer)>
        <div>
          Child 1
        </div>
        <div>
          Child 2
        </div>
        <div>
          Child 3
        </div>
        <div>
          Child 4
        </div>
      </Connect(_Timer)>
    </Route>
    <Route
      component={[Function]}
      path="/"
    />
    <Route
      component={[Function]}
    />
  </Switch>
</section>
`;
