// Jest Snapshot v1, https://goo.gl/fbAQLP

exports[`App renders without crashing 1`] = `
<section
  className="app-container"
  data-css-wivn7t=""
>
  <Switch>
    <Route
      component={[Function]}
      exact={true}
      path="/welcome"
    />
    <Route
      component={[Function]}
      path="/"
    />
    <Route
      component={[Function]}
    />
  </Switch>
</section>
`;
