// Jest Snapshot v1, https://goo.gl/fbAQLP

exports[`Text component should render defaults 1`] = `
<Translate
  value="greeting"
/>
`;
