// Jest Snapshot v1, https://goo.gl/fbAQLP

exports[`WelcomePresenter component Not logged in Shallow snapshot matches the previous 1`] = `null`;
