// Jest Snapshot v1, https://goo.gl/fbAQLP

exports[`Icon Component renders with defaults 1`] = `
<svg
  data-css-4t1vl3=""
  height="16px"
  viewbox="0 0 1024 1024"
  width="16px"
>
  <path
    d="M608 192h160v-192h-160c-123.514 0-224 100.486-224 224v96h-128v192h128v512h192v-512h160l32-192h-192v-96c0-17.346 14.654-32 32-32z"
    data-css-rn73cr=""
  />
</svg>
`;
