// Jest Snapshot v1, https://goo.gl/fbAQLP

exports[` 1`] = `
Object {
  "payload": Object {
    "sessions": undefined,
  },
  "type": "LOAD_SESSIONS_SUCCESS",
}
`;

exports[`Session Actions Creators .loadSessions creates LOAD_SESSIONS_SUCCESS action when dispatching 1`] = `
Array [
  Object {
    "payload": Object {
      "sessions": Array [
        Object {
          "exercises": Array [
            Object {
              "name": "Push-ups",
              "reps": 20,
              "restTime": 90,
              "sets": 5,
              "weight": 0,
            },
            Object {
              "name": "Pull-up",
              "reps": 8,
              "restTime": 60,
              "sets": 5,
              "weight": 0,
            },
            Object {
              "name": "Australian pull-ups",
              "reps": 12,
              "restTime": 30,
              "sets": 5,
              "weight": 0,
            },
          ],
          "name": "Monday",
        },
        Object {
          "exercises": Array [
            Object {
              "name": "The bench press",
              "reps": 8,
              "restTime": 90,
              "sets": 5,
              "weight": 50,
            },
            Object {
              "name": "Dumbbell flyes",
              "reps": 8,
              "restTime": 60,
              "sets": 5,
              "weight": 12,
            },
            Object {
              "name": "Around The Worlds",
              "reps": 12,
              "restTime": 60,
              "sets": 5,
              "weight": 9,
            },
          ],
          "name": "Wednesday",
        },
        Object {
          "exercises": Array [
            Object {
              "name": "Squats",
              "reps": 8,
              "restTime": 90,
              "sets": 5,
              "weight": 70,
            },
            Object {
              "duration": 60,
              "name": "Plank",
              "reps": 0,
              "restTime": 90,
              "sets": 5,
              "weight": 0,
            },
          ],
          "name": "Friday",
        },
      ],
    },
    "type": "LOAD_SESSIONS_SUCCESS",
  },
]
`;
