// Jest Snapshot v1, https://goo.gl/fbAQLP

exports[`the Icon component renders with defaults 1`] = `
initialize {
  "0": Object {
    "attribs": Object {},
    "children": Array [
      Object {
        "attribs": Object {
          "class": "css-4t1vl3",
          "height": "16px",
          "viewbox": "0 0 1024 1024",
          "width": "16px",
        },
        "children": Array [
          Object {
            "attribs": Object {
              "class": "css-rn73cr",
              "d": "M608 192h160v-192h-160c-123.514 0-224 100.486-224 224v96h-128v192h128v512h192v-512h160l32-192h-192v-96c0-17.346 14.654-32 32-32z",
            },
            "children": Array [],
            "name": "path",
            "next": null,
            "parent": [Circular],
            "prev": null,
            "type": "tag",
          },
        ],
        "name": "svg",
        "next": null,
        "parent": null,
        "prev": null,
        "root": [Circular],
        "type": "tag",
      },
    ],
    "name": "root",
    "next": null,
    "parent": null,
    "prev": null,
    "type": "root",
  },
  "_root": [Circular],
  "length": 1,
  "options": Object {
    "decodeEntities": true,
    "normalizeWhitespace": false,
    "withDomLvl1": true,
    "xmlMode": false,
  },
}
`;
