// Jest Snapshot v1, https://goo.gl/fbAQLP

exports[`ExerciseListRow component should render exercise 1`] = `
<li
  data-test="exercise-row-zzt"
  onClick={[Function]}
>
  <h3
    data-css-17h8928=""
  >
    Push-ups
  </h3>
  <span
    data-css-1jge3ly=""
  >
    0
     kg x 
    20
     reps x 
    5
     sets
  </span>
</li>
`;
